<html>
<body>
<pre>
<h1>µVision Build Log</h1>
<h2>Tool Versions:</h2>
IDE-Version: ¦ÌVision V5.36.0.0
Copyright (C) 2021 ARM Ltd and ARM Germany GmbH. All rights reserved.
License Information: 1 1, 1, LIC=UB4EI-T4Z6U-UMN9A-1ZPZ3-59IMZ-XHGWE
 
Tool Versions:
Toolchain:       MDK-ARM Professional  Version: 5.36.0.0
Toolchain Path:  C:\Keil_v5\ARM\ARMCC\Bin
C Compiler:      Armcc.exe V5.06 update 7 (build 960)
Assembler:       Armasm.exe V5.06 update 7 (build 960)
Linker/Locator:  ArmLink.exe V5.06 update 7 (build 960)
Library Manager: ArmAr.exe V5.06 update 7 (build 960)
Hex Converter:   FromElf.exe V5.06 update 7 (build 960)
CPU DLL:         SARMCM3.DLL V5.36.0.0
Dialog DLL:      DCM.DLL V1.17.3.0
Target DLL:      STLink\ST-LINKIII-KEIL_SWO.dll V3.0.9.0
Dialog DLL:      TCM.DLL V1.53.0.0
 
<h2>Project:</h2>
C:\Users\magpt\tool\xtrack\X-TRACK-2.0-inch\Software\X-Track\MDK-ARM_F435\proj.uvprojx
Project File Date:  08/07/2024

<h2>Output:</h2>
*** Using Compiler 'V5.06 update 7 (build 960)', folder: 'C:\Keil_v5\ARM\ARMCC\Bin'
Rebuild target 'X-Track'
compiling DP_Clock.cpp...
compiling DP_GPS.cpp...
compiling DP_IMU.cpp...
compiling DataProc.cpp...
compiling App.cpp...
compiling DP_MAG.cpp...
compiling DP_MusicPlayer.cpp...
compiling DP_SportStatus.cpp...
compiling DP_Power.cpp...
compiling main.cpp...
compiling DP_Storage.cpp...
compiling DP_SysConfig.cpp...
compiling DP_TzConv.cpp...
compiling DP_TrackFilter.cpp...
compiling AppFactory.cpp...
compiling StartupModel.cpp...
compiling Startup.cpp...
compiling StatusBar.cpp...
compiling DP_Recorder.cpp...
compiling DialplateModel.cpp...
compiling Dialplate.cpp...
compiling DialplateView.cpp...
compiling LiveMapModel.cpp...
compiling SystemInfosModel.cpp...
compiling LiveMapView.cpp...
compiling DP_BacklightCtrl.cpp...
compiling LiveMap.cpp...
compiling SystemInfosView.cpp...
compiling TemplateModel.cpp...
compiling Template.cpp...
compiling TemplateView.cpp...
compiling ResourcePool.cpp...
compiling font_bahnschrift_13.c...
compiling font_bahnschrift_17.c...
compiling font_bahnschrift_32.c...
compiling font_bahnschrift_65.c...
compiling StartupView.cpp...
compiling font_agencyb_36.c...
compiling img_src_gps_arrow_dark.c...
compiling img_src_gps_arrow_default.c...
compiling img_src_gps_arrow_light.c...
compiling img_src_alarm.c...
compiling SystemInfos.cpp...
compiling img_src_gps_pin.c...
compiling img_src_battery.c...
compiling img_src_locate.c...
compiling img_src_menu.c...
compiling img_src_origin_point.c...
compiling img_src_stop.c...
compiling img_src_satellite.c...
compiling img_src_trip.c...
compiling img_src_pause.c...
compiling img_src_start.c...
compiling img_src_battery_info.c...
compiling img_src_bicycle.c...
compiling img_src_compass.c...
compiling img_src_map_location.c...
compiling img_src_gyroscope.c...
compiling img_src_storage.c...
compiling img_src_system_info.c...
compiling img_src_time_info.c...
compiling img_src_sd_card.c...
compiling PingPongBuffer.c...
compiling GPX.cpp...
compiling GPX_Parser.cpp...
compiling Account.cpp...
compiling DataCenter.cpp...
compiling lv_anim_timeline_wrapper.c...
compiling lv_obj_ext_func.cpp...
compiling lv_anim_label.c...
compiling adler32.c...
compiling crc32.c...
compiling inffast.c...
compiling zutil.c...
compiling inftrees.c...
compiling infback.c...
compiling MapConv.cpp...
compiling GPS_Transform.c...
compiling TileSystem.cpp...
compiling new.cpp...
compiling lv_poly_line.cpp...
compiling inflate.c...
compiling lv_img_png.cpp...
compiling PointContainer.cpp...
compiling PM_Drag.cpp...
compiling PM_Anim.cpp...
compiling PM_State.cpp...
compiling PM_Router.cpp...
compiling PNGdec.cpp...
compiling PM_Base.cpp...
compiling DateStrings.cpp...
compiling TonePlayer.cpp...
compiling ResourceManager.cpp...
compiling TileConv.cpp...
compiling TrackLineFilter.cpp...
compiling SunRiseCalc.c...
compiling TrackPointFilter.cpp...
compiling Time.cpp...
compiling HAL_Audio.cpp...
compiling HAL_Buzz.cpp...
compiling HAL_Clock.cpp...
compiling HAL_Encoder.cpp...
compiling HAL_Display.cpp...
compiling HAL_GPS.cpp...
compiling HAL_Backlight.cpp...
compiling HAL.cpp...
compiling HAL_I2C_Scan.cpp...
compiling HAL_IMU.cpp...
compiling HAL_FaultHandle.cpp...
compiling lv_disp.c...
compiling lv_event.c...
compiling HAL_Memory.cpp...
compiling HAL_MAG.cpp...
compiling lv_group.c...
compiling HAL_Power.cpp...
compiling rt_sys.cpp...
compiling HAL_SD_CARD.cpp...
compiling lv_obj_class.c...
compiling lv_indev_scroll.c...
compiling lv_obj_draw.c...
compiling lv_indev.c...
compiling lv_obj.c...
compiling lv_obj_tree.c...
compiling lv_obj_pos.c...
compiling lv_obj_style.c...
compiling lv_obj_scroll.c...
compiling lv_obj_style_gen.c...
compiling lv_theme.c...
compiling StorageService.cpp...
compiling lv_draw_arc.c...
compiling lv_draw_img.c...
compiling lv_refr.c...
compiling lv_draw_label.c...
compiling lv_draw_rect.c...
compiling lv_draw_line.c...
compiling lv_draw_triangle.c...
compiling lv_img_cache.c...
compiling lv_img_decoder.c...
compiling lv_img_buf.c...
compiling lv_calendar_header_arrow.c...
compiling lv_flex.c...
compiling lv_calendar_header_dropdown.c...
compiling lv_theme_basic.c...
compiling lv_theme_default.c...
compiling lv_grid.c...
compiling lv_calendar.c...
compiling lv_keyboard.c...
compiling lv_imgbtn.c...
compiling lv_led.c...
compiling lv_list.c...
compiling lv_colorwheel.c...
compiling lv_msgbox.c...
compiling lv_tileview.c...
compiling lv_font.c...
compiling lv_spinner.c...
compiling lv_spinbox.c...
compiling lv_win.c...
compiling lv_tabview.c...
compiling lv_font_fmt_txt.c...
compiling lv_extra.c...
compiling lv_font_dejavu_16_persian_hebrew.c...
compiling lv_font_loader.c...
compiling lv_font_montserrat_8.c...
compiling lv_font_montserrat_10.c...
compiling lv_font_montserrat_12.c...
compiling lv_font_montserrat_12_subpx.c...
compiling lv_font_montserrat_14.c...
compiling lv_font_montserrat_16.c...
compiling lv_font_montserrat_18.c...
compiling lv_font_montserrat_20.c...
compiling lv_font_montserrat_22.c...
compiling lv_font_montserrat_24.c...
compiling lv_font_montserrat_26.c...
compiling lv_font_montserrat_28.c...
compiling lv_font_montserrat_28_compressed.c...
compiling lv_font_montserrat_30.c...
compiling lv_font_montserrat_32.c...
compiling lv_font_montserrat_34.c...
compiling lv_font_montserrat_36.c...
compiling lv_font_montserrat_38.c...
compiling lv_font_montserrat_40.c...
compiling lv_font_montserrat_44.c...
compiling lv_font_montserrat_42.c...
compiling lv_font_montserrat_46.c...
compiling lv_font_montserrat_48.c...
compiling lv_font_unscii_8.c...
compiling lv_hal_indev.c...
compiling lv_font_simsun_16_cjk.c...
compiling lv_font_unscii_16.c...
compiling lv_anim.c...
compiling lv_hal_disp.c...
compiling lv_async.c...
compiling lv_bidi.c...
compiling lv_anim_timeline.c...
compiling lv_area.c...
compiling lv_color.c...
compiling lv_hal_tick.c...
compiling lv_log.c...
compiling lv_gc.c...
compiling lv_ll.c...
compiling lv_printf.c...
compiling lv_math.c...
compiling lv_fs.c...
compiling lv_mem.c...
compiling lv_style.c...
compiling lv_templ.c...
compiling lv_timer.c...
compiling lv_utils.c...
compiling lv_txt_ap.c...
compiling lv_style_gen.c...
compiling lv_tlsf.c...
compiling lv_txt.c...
compiling lv_btn.c...
compiling lv_arc.c...
compiling lv_checkbox.c...
compiling lv_bar.c...
compiling lv_objx_templ.c...
compiling lv_line.c...
compiling lv_canvas.c...
compiling lv_dropdown.c...
compiling lv_btnmatrix.c...
compiling lv_img.c...
compiling lv_roller.c...
compiling lv_label.c...
compiling lv_switch.c...
compiling lv_slider.c...
compiling lv_snapshot.c...
compiling lv_textarea.c...
compiling lv_animimg.c...
compiling lv_draw.c...
compiling lv_table.c...
compiling lv_draw_sw.c...
compiling lv_monkey.c...
compiling lv_meter.c...
compiling lv_span.c...
compiling lv_draw_sw_arc.c...
compiling lv_chart.c...
compiling lv_draw_sw_img.c...
compiling lv_draw_sw_letter.c...
compiling lv_draw_sw_polygon.c...
compiling lv_draw_mask.c...
compiling lv_draw_sw_line.c...
compiling lv_draw_sw_blend.c...
compiling lv_draw_sw_gradient.c...
compiling lv_port.cpp...
compiling lv_draw_sw_rect.c...
compiling img_benchmark_cogwheel_alpha16.c...
compiling lv_demo_benchmark.c...
compiling img_benchmark_cogwheel_argb.c...
compiling img_benchmark_cogwheel_indexed16.c...
compiling lv_font_bechmark_montserrat_12_compr_az.c.c...
compiling img_benchmark_cogwheel_chroma_keyed.c...
compiling lv_font_bechmark_montserrat_16_compr_az.c.c...
compiling lv_font_bechmark_montserrat_28_compr_az.c.c...
compiling img_benchmark_cogwheel_rgb.c...
compiling MillisTaskManager.cpp...
compiling StackInfo.c...
compiling Adafruit_ST7789.cpp...
compiling ButtonEvent.cpp...
compiling lv_port_indev.cpp...
compiling lv_port_fs_sdfat.cpp...
compiling lv_port_disp.cpp...
compiling LIS3MDL.cpp...
compiling LSM6DSM.cpp...
compiling TinyGPS++.cpp...
compiling Adafruit_GFX.cpp...
compiling BMP280.cpp...
compiling BQ27220.cpp...
compiling FmtNumber.cpp...
compiling I2Cdev.cpp...
compiling QMC6310.cpp...
compiling FatFileSFN.cpp...
compiling FatFilePrint.cpp...
compiling FatFileLFN.cpp...
compiling FatVolume.cpp...
compiling FatFile.cpp...
compiling fstream.cpp...
compiling istream.cpp...
compiling ostream.cpp...
compiling dtostrf.c...
compiling itoa.c...
compiling MPU6050.cpp...
compiling StdioStream.cpp...
compiling cm_backtrace.c...
compiling SdSpiCard.cpp...
compiling SdSpiCardEX.cpp...
compiling SdSpiSTM32.cpp...
compiling Print.cpp...
compiling MinimumSerial.cpp...
compiling Arduino.c...
compiling WMath.cpp...
compiling Stream.cpp...
compiling Wire.cpp...
compiling WireBase.cpp...
compiling WString.cpp...
compiling adc.c...
compiling at32f435_437_clock.c...
compiling delay.c...
compiling exti.c...
compiling gpio.c...
compiling mcu_core.c...
compiling rtc.c...
compiling wdg.c...
compiling pwm.c...
compiling timer.c...
compiling HardwareSerial.cpp...
compiling Tone.cpp...
compiling at32f435_437_adc.c...
compiling SPI.cpp...
compiling at32f435_437_crm.c...
compiling at32f435_437_exint.c...
compiling at32f435_437_dma.c...
compiling at32f435_437_gpio.c...
compiling at32f435_437_pwc.c...
compiling at32f435_437_misc.c...
compiling at32f435_437_ertc.c...
compiling at32f435_437_scfg.c...
assembling startup_at32f435_437.s...
compiling at32f435_437_spi.c...
compiling at32f435_437_usart.c...
compiling at32f435_437_wdt.c...
compiling at32f435_437_tmr.c...
compiling system_at32f435_437.c...
linking...
Program Size: Code=202424 RO-data=86176 RW-data=716 ZI-data=372452  
FromELF: creating hex file...
".\Objects\X-Track.axf" - 0 Error(s), 0 Warning(s).

<h2>Software Packages used:</h2>

Package Vendor: ARM
                http://www.keil.com/pack/ARM.CMSIS.5.8.0.pack
                ARM.CMSIS.5.8.0
                CMSIS (Common Microcontroller Software Interface Standard)
   * Component: CORE Version: 5.5.0

Package Vendor: ArteryTek
                
                ArteryTek.AT32F435_437_DFP.2.0.6
                ArteryTek AT32F4 Series Device Support,Drivers
   * Component: at32f435_437_conf Version: 2.0.0
   * Component: adc Version: 2.0.0
   * Component: crm Version: 2.0.0
   * Component: dma Version: 2.0.0
   * Component: ertc Version: 2.0.0
   * Component: exint Version: 2.0.0
   * Component: gpio Version: 2.0.0
   * Component: misc Version: 2.0.0
   * Component: pwc Version: 2.0.0
   * Component: scfg Version: 2.0.0
   * Component: spi Version: 2.0.0
   * Component: tmr Version: 2.0.0
   * Component: usart Version: 2.0.0
   * Component: wdt Version: 2.0.0
   * Component: startup Version: 2.0.0

<h2>Collection of Component include folders:</h2>
  .\RTE\Device\-AT32F435CGU7
  .\RTE\_X-Track
  C:\Users\magpt\AppData\Local\Arm\Packs\ARM\CMSIS\5.8.0\CMSIS\Core\Include
  C:\Users\magpt\AppData\Local\Arm\Packs\ArteryTek\AT32F435_437_DFP\2.0.6\Device\Firmware\Peripherals\inc
  C:\Users\magpt\AppData\Local\Arm\Packs\ArteryTek\AT32F435_437_DFP\2.0.6\Device\Include

<h2>Collection of Component Files used:</h2>

   * Component: ARM::CMSIS:CORE:5.5.0

   * Component: ArteryTek::Device:at32f435_437_conf:2.0.0
      Include file:  Device\Include\at32f435_437_conf.h

   * Component: ArteryTek::Device:at32f435_437_firmware_library:adc:2.0.0
      Include file:  Device\Firmware\Peripherals\inc\at32f435_437_adc.h
      Source file:   Device\Firmware\Peripherals\src\at32f435_437_adc.c

   * Component: ArteryTek::Device:at32f435_437_firmware_library:crm:2.0.0
      Include file:  Device\Firmware\Peripherals\inc\at32f435_437_crm.h
      Source file:   Device\Firmware\Peripherals\src\at32f435_437_crm.c

   * Component: ArteryTek::Device:at32f435_437_firmware_library:dma:2.0.0
      Include file:  Device\Firmware\Peripherals\inc\at32f435_437_dma.h
      Source file:   Device\Firmware\Peripherals\src\at32f435_437_dma.c

   * Component: ArteryTek::Device:at32f435_437_firmware_library:ertc:2.0.0
      Source file:   Device\Firmware\Peripherals\src\at32f435_437_ertc.c
      Include file:  Device\Firmware\Peripherals\inc\at32f435_437_ertc.h

   * Component: ArteryTek::Device:at32f435_437_firmware_library:exint:2.0.0
      Source file:   Device\Firmware\Peripherals\src\at32f435_437_exint.c
      Include file:  Device\Firmware\Peripherals\inc\at32f435_437_exint.h

   * Component: ArteryTek::Device:at32f435_437_firmware_library:gpio:2.0.0
      Include file:  Device\Firmware\Peripherals\inc\at32f435_437_gpio.h
      Source file:   Device\Firmware\Peripherals\src\at32f435_437_gpio.c

   * Component: ArteryTek::Device:at32f435_437_firmware_library:misc:2.0.0
      Include file:  Device\Firmware\Peripherals\inc\at32f435_437_misc.h
      Source file:   Device\Firmware\Peripherals\src\at32f435_437_misc.c

   * Component: ArteryTek::Device:at32f435_437_firmware_library:pwc:2.0.0
      Include file:  Device\Firmware\Peripherals\inc\at32f435_437_pwc.h
      Source file:   Device\Firmware\Peripherals\src\at32f435_437_pwc.c

   * Component: ArteryTek::Device:at32f435_437_firmware_library:scfg:2.0.0
      Include file:  Device\Firmware\Peripherals\inc\at32f435_437_scfg.h
      Source file:   Device\Firmware\Peripherals\src\at32f435_437_scfg.c

   * Component: ArteryTek::Device:at32f435_437_firmware_library:spi:2.0.0
      Source file:   Device\Firmware\Peripherals\src\at32f435_437_spi.c
      Include file:  Device\Firmware\Peripherals\inc\at32f435_437_spi.h

   * Component: ArteryTek::Device:at32f435_437_firmware_library:tmr:2.0.0
      Source file:   Device\Firmware\Peripherals\src\at32f435_437_tmr.c
      Include file:  Device\Firmware\Peripherals\inc\at32f435_437_tmr.h

   * Component: ArteryTek::Device:at32f435_437_firmware_library:usart:2.0.0
      Include file:  Device\Firmware\Peripherals\inc\at32f435_437_usart.h
      Source file:   Device\Firmware\Peripherals\src\at32f435_437_usart.c

   * Component: ArteryTek::Device:at32f435_437_firmware_library:wdt:2.0.0
      Source file:   Device\Firmware\Peripherals\src\at32f435_437_wdt.c
      Include file:  Device\Firmware\Peripherals\inc\at32f435_437_wdt.h

   * Component: ArteryTek::Device:startup:2.0.0
      Include file:  Device\Include\at32f435_437.h
      Source file:   Device\Source\ARM\startup_at32f435_437.s
      Source file:   Device\Source\system_at32f435_437.c
Build Time Elapsed:  00:00:21
</pre>
</body>
</html>
